apiVersion: v1
data:
  Corefile: ".:53 {\n    errors\n    health {\n        lameduck 5s\n    }\n    ready\n\
    \    kubernetes cluster.local in-addr.arpa ip6.arpa {\n        pods insecure\n\
    \        fallthrough in-addr.arpa ip6.arpa\n        ttl 30\n    }\n    prometheus\
    \ :9153\n    forward . /etc/resolv.conf\n    cache 30\n    loop\n    reload\n\
    \    loadbalance\n    \n}\n"
kind: ConfigMap
metadata:
  annotations: {}
  labels:
    app.kubernetes.io/component: coredns
    app.kubernetes.io/instance: coredns
    app.kubernetes.io/managed-by: commodore
    name: coredns
  name: coredns
  namespace: kube-system
